#-----------------------------------------------------------
# Vivado v2018.3 (64-bit)
# SW Build 2405991 on Thu Dec  6 23:38:27 MST 2018
# IP Build 2404404 on Fri Dec  7 01:43:56 MST 2018
# Start of session at: Sat Feb 12 14:53:53 2022
# Process ID: 49832
# Current directory: C:/Users/AERO/Desktop/2022 spring/HW2/AES_core
# Command line: vivado.exe -gui_launcher_event rodinguilauncherevent49632 C:\Users\AERO\Desktop\2022 spring\HW2\AES_core\AES.xpr
# Log file: C:/Users/AERO/Desktop/2022 spring/HW2/AES_core/vivado.log
# Journal file: C:/Users/AERO/Desktop/2022 spring/HW2/AES_core\vivado.jou
#-----------------------------------------------------------
start_gui
open_project {C:/Users/AERO/Desktop/2022 spring/HW2/AES_core/AES.xpr}
update_compile_order -fileset sources_1
launch_simulation
source AEC_enc.tcl
add_force {/AEC_enc/clk} -radix hex {0 0ns} {1 50000ps} -repeat_every 100000ps
add_force {/AEC_enc/reset} -radix hex {0 0ns}
run 150000 ns
run 150000 ns
run 150000 ns
run 150000 ns
add_force {/AEC_enc/reset} -radix hex {1 0ns}
run 150000 ns
add_force {/AEC_enc/reset} -radix hex {0 0ns}
run 150000 ns
run 150000 ns
run 150000 ns
run 150000 ns
run 150000 ns
run 100 ns
close_sim
launch_simulation
source AEC_enc.tcl
add_force {/AEC_enc/clk} -radix hex {0 0ns} {1 50000ps} -repeat_every 100000ps
add_force {/AEC_enc/reset} -radix hex {1 0ns}
run 100 ns
add_force {/AEC_enc/reset} -radix hex {0 0ns}
run 100 ns
run 100 ns
run 100 ns
run 100 ns
run 100 ns
run 100 ns
run 100 ns
run 100 ns
run 100 ns
run 100 ns
run 100 ns
run 100 ns
run 100 ns
run 100 ns
run 100 ns
run 100 ns
run 100 ns
run 100 ns
run 100 ns
close_sim
launch_simulation
source AEC_enc.tcl
add_force {/AEC_enc/clk} -radix hex {0 0ns} {1 50000ps} -repeat_every 100000ps
add_force {/AEC_enc/reset} -radix hex {1 0ns}
run 100 ns
add_force {/AEC_enc/reset} -radix hex {0 0ns}
run 100 ns
run 100 ns
run 100 ns
run 100 ns
run 100 ns
run 100 ns
run 100 ns
run 100 ns
run 100 ns
run 100 ns
run 100 ns
run 100 ns
run 100 ns
close_sim
reset_run synth_1
launch_runs synth_1 -jobs 6
wait_on_run synth_1
open_run synth_1 -name synth_1
close_design
launch_simulation
source AEC_enc.tcl
add_force {/AEC_enc/clk} -radix hex {0 0ns} {1 50000ps} -repeat_every 100000ps
add_force {/AEC_enc/reset} -radix hex {1 0ns}
run 100 ns
add_force {/AEC_enc/reset} -radix hex {0 0ns}
run 100 ns
run 100 ns
run 100 ns
run 100 ns
run 100 ns
run 100 ns
run 100 ns
run 100 ns
run 100 ns
run 100 ns
run 100 ns
run 100 ns
run 100 ns
run 100 ns
run 100 ns
run 100 ns
close_sim
launch_simulation
source AEC_enc.tcl
add_force {/AEC_enc/reset} -radix hex {1 0ns}
add_force {/AEC_enc/clk} -radix hex {0 0ns} {1 50000ps} -repeat_every 100000ps
run 1000 ns
add_force {/AEC_enc/reset} -radix hex {0 0ns}
run 1000 ns
run 1000 ns
close_sim
launch_simulation
source AEC_enc.tcl
close_sim
